mode: set
github.com/Joanoni/go-transformer-engine/nn/activation.go:14.56,15.49 1 1
github.com/Joanoni/go-transformer-engine/nn/activation.go:15.49,17.3 1 1
github.com/Joanoni/go-transformer-engine/nn/activation.go:25.70,26.58 1 1
github.com/Joanoni/go-transformer-engine/nn/activation.go:26.58,28.3 1 1
github.com/Joanoni/go-transformer-engine/nn/activation.go:34.53,35.49 1 1
github.com/Joanoni/go-transformer-engine/nn/activation.go:35.49,36.12 1 1
github.com/Joanoni/go-transformer-engine/nn/activation.go:36.12,38.4 1 1
github.com/Joanoni/go-transformer-engine/nn/activation.go:39.3,39.13 1 1
github.com/Joanoni/go-transformer-engine/nn/activation.go:46.58,47.49 1 1
github.com/Joanoni/go-transformer-engine/nn/activation.go:47.49,48.12 1 1
github.com/Joanoni/go-transformer-engine/nn/activation.go:48.12,50.4 1 1
github.com/Joanoni/go-transformer-engine/nn/activation.go:51.3,51.13 1 1
github.com/Joanoni/go-transformer-engine/nn/loss.go:12.51,13.29 1 1
github.com/Joanoni/go-transformer-engine/nn/loss.go:13.29,15.3 1 0
github.com/Joanoni/go-transformer-engine/nn/loss.go:17.2,18.16 2 1
github.com/Joanoni/go-transformer-engine/nn/loss.go:18.16,20.3 1 0
github.com/Joanoni/go-transformer-engine/nn/loss.go:22.2,22.61 1 1
github.com/Joanoni/go-transformer-engine/nn/loss.go:22.61,24.3 1 1
github.com/Joanoni/go-transformer-engine/nn/loss.go:25.2,25.16 1 1
github.com/Joanoni/go-transformer-engine/nn/loss.go:25.16,27.3 1 0
github.com/Joanoni/go-transformer-engine/nn/loss.go:29.2,30.37 2 1
github.com/Joanoni/go-transformer-engine/nn/loss.go:30.37,32.3 1 1
github.com/Joanoni/go-transformer-engine/nn/loss.go:34.2,34.45 1 1
github.com/Joanoni/go-transformer-engine/nn/loss.go:40.62,41.29 1 1
github.com/Joanoni/go-transformer-engine/nn/loss.go:41.29,43.3 1 0
github.com/Joanoni/go-transformer-engine/nn/loss.go:45.2,46.16 2 1
github.com/Joanoni/go-transformer-engine/nn/loss.go:46.16,48.3 1 0
github.com/Joanoni/go-transformer-engine/nn/loss.go:50.2,51.52 2 1
github.com/Joanoni/go-transformer-engine/nn/loss.go:51.52,53.3 1 1
github.com/Joanoni/go-transformer-engine/tensor/ops.go:19.41,20.26 1 1
github.com/Joanoni/go-transformer-engine/tensor/ops.go:20.26,22.3 1 0
github.com/Joanoni/go-transformer-engine/tensor/ops.go:24.2,26.24 3 1
github.com/Joanoni/go-transformer-engine/tensor/ops.go:26.24,27.29 1 1
github.com/Joanoni/go-transformer-engine/tensor/ops.go:27.29,29.4 1 1
github.com/Joanoni/go-transformer-engine/tensor/ops.go:32.2,33.16 2 1
github.com/Joanoni/go-transformer-engine/tensor/ops.go:33.16,35.3 1 0
github.com/Joanoni/go-transformer-engine/tensor/ops.go:38.2,40.32 3 1
github.com/Joanoni/go-transformer-engine/tensor/ops.go:40.32,41.22 1 1
github.com/Joanoni/go-transformer-engine/tensor/ops.go:41.22,44.34 3 1
github.com/Joanoni/go-transformer-engine/tensor/ops.go:44.34,46.5 1 0
github.com/Joanoni/go-transformer-engine/tensor/ops.go:47.4,47.41 1 1
github.com/Joanoni/go-transformer-engine/tensor/ops.go:50.3,50.36 1 1
github.com/Joanoni/go-transformer-engine/tensor/ops.go:50.36,52.43 2 1
github.com/Joanoni/go-transformer-engine/tensor/ops.go:52.43,54.5 1 0
github.com/Joanoni/go-transformer-engine/tensor/ops.go:56.3,56.13 1 1
github.com/Joanoni/go-transformer-engine/tensor/ops.go:59.2,59.35 1 1
github.com/Joanoni/go-transformer-engine/tensor/ops.go:59.35,61.3 1 0
github.com/Joanoni/go-transformer-engine/tensor/ops.go:63.2,63.17 1 1
github.com/Joanoni/go-transformer-engine/tensor/ops.go:70.41,71.26 1 1
github.com/Joanoni/go-transformer-engine/tensor/ops.go:71.26,73.3 1 0
github.com/Joanoni/go-transformer-engine/tensor/ops.go:75.2,77.24 3 1
github.com/Joanoni/go-transformer-engine/tensor/ops.go:77.24,78.29 1 1
github.com/Joanoni/go-transformer-engine/tensor/ops.go:78.29,80.4 1 0
github.com/Joanoni/go-transformer-engine/tensor/ops.go:83.2,84.16 2 1
github.com/Joanoni/go-transformer-engine/tensor/ops.go:84.16,86.3 1 0
github.com/Joanoni/go-transformer-engine/tensor/ops.go:88.2,90.32 3 1
github.com/Joanoni/go-transformer-engine/tensor/ops.go:90.32,91.22 1 1
github.com/Joanoni/go-transformer-engine/tensor/ops.go:91.22,94.34 3 1
github.com/Joanoni/go-transformer-engine/tensor/ops.go:94.34,96.5 1 0
github.com/Joanoni/go-transformer-engine/tensor/ops.go:97.4,97.41 1 1
github.com/Joanoni/go-transformer-engine/tensor/ops.go:100.3,100.36 1 1
github.com/Joanoni/go-transformer-engine/tensor/ops.go:100.36,102.43 2 1
github.com/Joanoni/go-transformer-engine/tensor/ops.go:102.43,104.5 1 0
github.com/Joanoni/go-transformer-engine/tensor/ops.go:106.3,106.13 1 1
github.com/Joanoni/go-transformer-engine/tensor/ops.go:109.2,109.35 1 1
github.com/Joanoni/go-transformer-engine/tensor/ops.go:109.35,111.3 1 0
github.com/Joanoni/go-transformer-engine/tensor/ops.go:113.2,113.17 1 1
github.com/Joanoni/go-transformer-engine/tensor/ops.go:120.41,121.26 1 1
github.com/Joanoni/go-transformer-engine/tensor/ops.go:121.26,123.3 1 0
github.com/Joanoni/go-transformer-engine/tensor/ops.go:125.2,127.24 3 1
github.com/Joanoni/go-transformer-engine/tensor/ops.go:127.24,128.29 1 1
github.com/Joanoni/go-transformer-engine/tensor/ops.go:128.29,130.4 1 0
github.com/Joanoni/go-transformer-engine/tensor/ops.go:133.2,134.16 2 1
github.com/Joanoni/go-transformer-engine/tensor/ops.go:134.16,136.3 1 0
github.com/Joanoni/go-transformer-engine/tensor/ops.go:138.2,140.32 3 1
github.com/Joanoni/go-transformer-engine/tensor/ops.go:140.32,141.22 1 1
github.com/Joanoni/go-transformer-engine/tensor/ops.go:141.22,144.34 3 1
github.com/Joanoni/go-transformer-engine/tensor/ops.go:144.34,146.5 1 0
github.com/Joanoni/go-transformer-engine/tensor/ops.go:147.4,147.41 1 1
github.com/Joanoni/go-transformer-engine/tensor/ops.go:150.3,150.36 1 1
github.com/Joanoni/go-transformer-engine/tensor/ops.go:150.36,152.43 2 1
github.com/Joanoni/go-transformer-engine/tensor/ops.go:152.43,154.5 1 0
github.com/Joanoni/go-transformer-engine/tensor/ops.go:156.3,156.13 1 1
github.com/Joanoni/go-transformer-engine/tensor/ops.go:159.2,159.35 1 1
github.com/Joanoni/go-transformer-engine/tensor/ops.go:159.35,161.3 1 0
github.com/Joanoni/go-transformer-engine/tensor/ops.go:163.2,163.17 1 1
github.com/Joanoni/go-transformer-engine/tensor/ops.go:173.44,174.36 1 1
github.com/Joanoni/go-transformer-engine/tensor/ops.go:174.36,176.3 1 0
github.com/Joanoni/go-transformer-engine/tensor/ops.go:178.2,184.14 5 1
github.com/Joanoni/go-transformer-engine/tensor/ops.go:184.14,186.3 1 1
github.com/Joanoni/go-transformer-engine/tensor/ops.go:188.2,189.16 2 1
github.com/Joanoni/go-transformer-engine/tensor/ops.go:189.16,191.3 1 0
github.com/Joanoni/go-transformer-engine/tensor/ops.go:194.2,194.25 1 1
github.com/Joanoni/go-transformer-engine/tensor/ops.go:194.25,195.26 1 1
github.com/Joanoni/go-transformer-engine/tensor/ops.go:195.26,197.28 2 1
github.com/Joanoni/go-transformer-engine/tensor/ops.go:197.28,200.35 3 1
github.com/Joanoni/go-transformer-engine/tensor/ops.go:200.35,202.6 1 0
github.com/Joanoni/go-transformer-engine/tensor/ops.go:203.5,203.23 1 1
github.com/Joanoni/go-transformer-engine/tensor/ops.go:205.4,205.45 1 1
github.com/Joanoni/go-transformer-engine/tensor/ops.go:205.45,207.5 1 0
github.com/Joanoni/go-transformer-engine/tensor/ops.go:211.2,211.17 1 1
github.com/Joanoni/go-transformer-engine/tensor/ops.go:216.60,218.58 2 1
github.com/Joanoni/go-transformer-engine/tensor/ops.go:218.58,220.3 1 0
github.com/Joanoni/go-transformer-engine/tensor/ops.go:222.2,234.8 5 1
github.com/Joanoni/go-transformer-engine/tensor/ops.go:239.59,240.24 1 1
github.com/Joanoni/go-transformer-engine/tensor/ops.go:240.24,242.3 1 0
github.com/Joanoni/go-transformer-engine/tensor/ops.go:244.2,246.31 3 1
github.com/Joanoni/go-transformer-engine/tensor/ops.go:246.31,247.15 1 1
github.com/Joanoni/go-transformer-engine/tensor/ops.go:247.15,249.4 1 0
github.com/Joanoni/go-transformer-engine/tensor/ops.go:250.3,251.17 2 1
github.com/Joanoni/go-transformer-engine/tensor/ops.go:254.2,254.25 1 1
github.com/Joanoni/go-transformer-engine/tensor/ops.go:254.25,256.3 1 0
github.com/Joanoni/go-transformer-engine/tensor/ops.go:258.2,265.8 2 1
github.com/Joanoni/go-transformer-engine/tensor/ops.go:270.68,273.16 3 1
github.com/Joanoni/go-transformer-engine/tensor/ops.go:273.16,275.3 1 0
github.com/Joanoni/go-transformer-engine/tensor/ops.go:277.2,279.32 3 1
github.com/Joanoni/go-transformer-engine/tensor/ops.go:279.32,280.22 1 1
github.com/Joanoni/go-transformer-engine/tensor/ops.go:280.22,282.18 2 1
github.com/Joanoni/go-transformer-engine/tensor/ops.go:282.18,284.5 1 0
github.com/Joanoni/go-transformer-engine/tensor/ops.go:285.4,285.39 1 1
github.com/Joanoni/go-transformer-engine/tensor/ops.go:288.3,288.36 1 1
github.com/Joanoni/go-transformer-engine/tensor/ops.go:288.36,290.43 2 1
github.com/Joanoni/go-transformer-engine/tensor/ops.go:290.43,292.5 1 0
github.com/Joanoni/go-transformer-engine/tensor/ops.go:294.3,294.13 1 1
github.com/Joanoni/go-transformer-engine/tensor/ops.go:297.2,297.35 1 1
github.com/Joanoni/go-transformer-engine/tensor/ops.go:297.35,299.3 1 0
github.com/Joanoni/go-transformer-engine/tensor/ops.go:301.2,301.17 1 1
github.com/Joanoni/go-transformer-engine/tensor/tensor.go:29.41,30.21 1 1
github.com/Joanoni/go-transformer-engine/tensor/tensor.go:30.21,32.3 1 1
github.com/Joanoni/go-transformer-engine/tensor/tensor.go:34.2,36.28 3 1
github.com/Joanoni/go-transformer-engine/tensor/tensor.go:36.28,37.15 1 1
github.com/Joanoni/go-transformer-engine/tensor/tensor.go:37.15,39.4 1 1
github.com/Joanoni/go-transformer-engine/tensor/tensor.go:40.3,41.14 2 1
github.com/Joanoni/go-transformer-engine/tensor/tensor.go:44.2,52.8 3 1
github.com/Joanoni/go-transformer-engine/tensor/tensor.go:57.40,60.15 3 1
github.com/Joanoni/go-transformer-engine/tensor/tensor.go:60.15,62.3 1 0
github.com/Joanoni/go-transformer-engine/tensor/tensor.go:64.2,65.33 2 1
github.com/Joanoni/go-transformer-engine/tensor/tensor.go:65.33,67.3 1 1
github.com/Joanoni/go-transformer-engine/tensor/tensor.go:68.2,68.16 1 1
github.com/Joanoni/go-transformer-engine/tensor/tensor.go:75.59,76.34 1 1
github.com/Joanoni/go-transformer-engine/tensor/tensor.go:76.34,78.3 1 1
github.com/Joanoni/go-transformer-engine/tensor/tensor.go:80.2,81.30 2 1
github.com/Joanoni/go-transformer-engine/tensor/tensor.go:81.30,82.35 1 1
github.com/Joanoni/go-transformer-engine/tensor/tensor.go:82.35,84.4 1 1
github.com/Joanoni/go-transformer-engine/tensor/tensor.go:85.3,85.30 1 1
github.com/Joanoni/go-transformer-engine/tensor/tensor.go:88.2,88.19 1 1
github.com/Joanoni/go-transformer-engine/tensor/tensor.go:92.54,94.16 2 1
github.com/Joanoni/go-transformer-engine/tensor/tensor.go:94.16,96.3 1 1
github.com/Joanoni/go-transformer-engine/tensor/tensor.go:97.2,97.27 1 1
github.com/Joanoni/go-transformer-engine/tensor/tensor.go:101.57,103.16 2 1
github.com/Joanoni/go-transformer-engine/tensor/tensor.go:103.16,105.3 1 1
github.com/Joanoni/go-transformer-engine/tensor/tensor.go:106.2,107.12 2 1
github.com/Joanoni/go-transformer-engine/tensor/tensor.go:111.32,115.2 3 1
github.com/Joanoni/go-transformer-engine/tensor/tensor.go:118.34,122.2 3 1
github.com/Joanoni/go-transformer-engine/tensor/tensor.go:125.31,127.2 1 1
github.com/Joanoni/go-transformer-engine/tensor/tensor.go:130.35,132.2 1 1
github.com/Joanoni/go-transformer-engine/tensor/tensor.go:135.29,137.2 1 1
github.com/Joanoni/go-transformer-engine/tensor/tensor.go:140.29,142.2 1 1
